cd backend && go test ./integration_test/...
Create Group Response: {"id":"929e3336-baf1-45fe-a4d4-61412c7af0e0","name":"Test Group","code":"5XZ13A","created_at":"2025-11-30T01:32:05.953866211Z"}

--- FAIL: TestFullGameFlow (1.76s)
panic: interface conversion: interface {} is nil, not string [recovered]
	panic: interface conversion: interface {} is nil, not string

goroutine 7 [running]:
testing.tRunner.func1.2({0x755360, 0xc00017e5a0})
	/usr/local/go/src/testing/testing.go:1734 +0x21c
testing.tRunner.func1()
	/usr/local/go/src/testing/testing.go:1737 +0x35e
panic({0x755360?, 0xc00017e5a0?})
	/usr/local/go/src/runtime/panic.go:792 +0x132
geoguessme/integration_test_test.createGroup(0xc000146700, {0xc000208000, 0xab}, {0x7b4451, 0xa})
	/home/anko/geoguessme/backend/integration_test/main_test.go:87 +0x5b4
geoguessme/integration_test_test.TestFullGameFlow(0xc000146700)
	/home/anko/geoguessme/backend/integration_test/main_test.go:37 +0x257
testing.tRunner(0xc000146700, 0x7d25d8)
	/usr/local/go/src/testing/testing.go:1792 +0xf4
created by testing.(*T).Run in goroutine 1
	/usr/local/go/src/testing/testing.go:1851 +0x413
FAIL	geoguessme/integration_test	1.768s
FAIL
make: *** [Makefile:24: test-integration] Error 1
